[1;2;"some string"]
[1;2;"some string";100]
[200;1;2;"some string";100]
[500;200;1;2;"some string";100]
[500;200;1;1000;2;"some string";100]
[500;200;1;777;2;"some string";100]
[500;200;1;777;"some string";100]
[500;200;1;777;100]
[200;1;777;100]
[200;1;777;100;"last"]
["first";200;1;777;100;"last"]
