{"size"=1;"parent_id"="ffffffff-ffffffff-12f-140a8383";"lock_mode"="none";"lock_ids"=[];"subtree_lock_ids"=[];"id"="0-6-12f-f705969";"type"="map_node";"ref_counter"=1;"attr"=100;"mode"="rw"}
100
{"size"=1;"parent_id"="ffffffff-ffffffff-12f-140a8383";"lock_mode"="none";"lock_ids"=[];"subtree_lock_ids"=[];"id"="0-6-12f-f705969";"type"="map_node";"ref_counter"=1}
{}
changing attributes
[]
{"size"=0;"parent_id"="0-6-12f-f705969";"lock_mode"="none";"lock_ids"=[];"subtree_lock_ids"=[];"id"="0-2-130-6cadc45e";"type"="list_node";"ref_counter"=1;"author"="ignat"}
"ignat"
"not_ignat"
nested attributes
{"size"=0;"parent_id"="0-6-12f-f705969";"lock_mode"="none";"lock_ids"=[];"subtree_lock_ids"=[];"id"="0-3-130-9d7bb2ee";"type"="list_node";"ref_counter"=1;"dir"=<"file"=-100<>>}
{"file"=-100<>}
-100<>
{}
